// Jest Snapshot v1, https://goo.gl/fbAQLP

exports[`<Radio> renders the component 1`] = `
<DocumentFragment>
  <div>
    <label>
      <input
        checked=""
        name="1"
        type="radio"
        value="1"
      />
       Carmina Necklace +
      <b>
        <span
          class=""
        >
          common:formattedPrice
        </span>
      </b>
    </label>
  </div>
  <div>
    <label>
      <input
        name="1"
        type="radio"
        value="2"
      />
       Augusta Necklace +
      <b>
        <span
          class=""
        >
          common:formattedPrice
        </span>
      </b>
    </label>
  </div>
  <h2
    class="option_quantity_title"
  >
    <span>
      cart:quantity
    </span>
  </h2>
  <input
    class="option_quantity_input"
    disabled=""
    min="1"
    type="number"
    value="1"
  />
</DocumentFragment>
`;
