// Jest Snapshot v1, https://goo.gl/fbAQLP

exports[`ProductRecsGallery renders a list of products 1`] = `
<DocumentFragment>
  <div
    class="root"
  >
    <h2
      class="title"
    >
      My Product Recommendations
    </h2>
    <div
      class="container"
    >
      <div
        class="card"
      >
        <a
          title="My Product A"
        >
          <div
            class="cardImage"
          >
            <img
              alt="My Product A"
              class="productImage"
              src="http://localhost/product-a.jpg"
            />
          </div>
          <div>
            My Product A
          </div>
          <div
            class="price"
          >
            <span
              class=""
            >
              CHF 342.23
            </span>
          </div>
        </a>
        <button
          class="cmp-Trigger__trigger__root cmp-components__clickable__root"
          type="button"
        >
          <span
            class="addToCart"
          >
            Add to cart
          </span>
        </button>
      </div>
      <div
        class="card"
      >
        <a
          title="My Product B"
        >
          <div
            class="cardImage"
          >
            <img
              alt="My Product B"
              class="productImage"
              src="http://localhost/product-b.png"
            />
          </div>
          <div>
            My Product B
          </div>
          <div
            class="price"
          >
            from 
            <span
              class=""
            >
              CHF 342.23
            </span>
          </div>
        </a>
        <button
          class="cmp-Trigger__trigger__root cmp-components__clickable__root"
          type="button"
        >
          <span
            class="addToCart"
          >
            Add to cart
          </span>
        </button>
      </div>
    </div>
  </div>
</DocumentFragment>
`;

exports[`ProductRecsGallery renders a loading state 1`] = `
<DocumentFragment>
  <div
    class="root"
  >
    <div
      class="cmp-LoadingIndicator__indicator__root"
    >
      <span
        class="cmp-LoadingIndicator__indicator__indicator loader-img"
      />
      <span
        class="cmp-LoadingIndicator__indicator__message"
      />
    </div>
  </div>
</DocumentFragment>
`;
