// Jest Snapshot v1, https://goo.gl/fbAQLP

exports[`<SignInForm> renders the component 1`] = `
<DocumentFragment>
  <form
    class="form"
  >
    <div
      class="root"
    >
      <span
        class="label"
      >
        <span
          class="requiredSymbol"
        />
        E-Mail
      </span>
      <span
        class="root"
      >
        <span
          class="input"
        >
          <input
            aria-label="email"
            autocomplete="email"
            class="input"
            name="email"
            value=""
          />
        </span>
        <span
          class="before"
        />
        <span
          class="after"
        />
      </span>
      <p
        class="root"
      />
    </div>
    <div
      class="root"
    >
      <span
        class="label"
      >
        <span
          class="requiredSymbol"
        />
        Password
      </span>
      <span
        class="root"
      >
        <span
          class="input"
        >
          <input
            aria-label="password"
            autocomplete="current-password"
            class="input"
            name="password"
            type="password"
            value=""
          />
        </span>
        <span
          class="before"
        />
        <span
          class="after"
        />
      </span>
      <p
        class="root"
      />
    </div>
    <div
      class="signInError"
    />
    <div
      class="signInButton"
    >
      <button
        aria-label="submit"
        class="root_highPriority"
        type="submit"
      >
        <span
          class="content"
        >
          Sign In
        </span>
      </button>
    </div>
  </form>
</DocumentFragment>
`;
