// Jest Snapshot v1, https://goo.gl/fbAQLP

exports[`<Header> renders the component 1`] = `
<DocumentFragment>
  <div
    class="root"
  >
    <h2
      class="title"
    >
      Shopping Cart
    </h2>
    <button>
      <svg
        fill="none"
        height="24"
        stroke="currentColor"
        stroke-linecap="round"
        stroke-linejoin="round"
        stroke-width="2"
        viewBox="0 0 24 24"
        width="24"
        xmlns="http://www.w3.org/2000/svg"
      >
        <line
          x1="18"
          x2="6"
          y1="6"
          y2="18"
        />
        <line
          x1="6"
          x2="18"
          y1="6"
          y2="18"
        />
      </svg>
    </button>
  </div>
</DocumentFragment>
`;
