// Jest Snapshot v1, https://goo.gl/fbAQLP

exports[`<Price /> renders the component 1`] = `
<DocumentFragment>
  <span
    class=""
  >
    â‚¬123.45
  </span>
</DocumentFragment>
`;
