// Jest Snapshot v1, https://goo.gl/fbAQLP

exports[`<CartOptions> renders the component properly 1`] = `
<DocumentFragment>
  <form
    class="root"
  >
    <div
      class="focusItem"
    >
      <span
        class="name"
      >
        Dummy product
      </span>
      <span
        class="price"
      >
        <span>
          $
        </span>
        <span>
          100
        </span>
        <span>
          .
        </span>
        <span>
          00
        </span>
      </span>
    </div>
    <div
      class="form"
    >
      <section
        class="quantity"
      >
        <h2
          class="quantityTitle"
        >
          <span>
            Quantity
          </span>
        </h2>
        <span
          class="root"
        >
          <span
            class="input"
          >
            <select
              class="input"
              name="quantity"
            >
              <option
                value="1"
              >
                1
              </option>
              <option
                value="2"
              >
                2
              </option>
              <option
                value="3"
              >
                3
              </option>
              <option
                value="4"
              >
                4
              </option>
            </select>
          </span>
          <span
            class="before"
          />
          <span
            class="after"
          >
            <span
              class="root"
            >
              <svg
                fill="none"
                height="18"
                stroke="currentColor"
                stroke-linecap="round"
                stroke-linejoin="round"
                stroke-width="2"
                viewBox="0 0 24 24"
                width="18"
                xmlns="http://www.w3.org/2000/svg"
              >
                <polyline
                  points="6 9 12 15 18 9"
                />
              </svg>
            </span>
          </span>
        </span>
        <p
          class="root"
        />
      </section>
    </div>
    <div
      class="save"
    >
      <button
        class="root_normalPriority"
        type="button"
      >
        <span
          class="content"
        >
          <span>
            Cancel
          </span>
        </span>
      </button>
      <button
        class="root_highPriority"
        type="button"
      >
        <span
          class="content"
        >
          <span>
            Update Cart
          </span>
        </span>
      </button>
    </div>
  </form>
</DocumentFragment>
`;
