// Jest Snapshot v1, https://goo.gl/fbAQLP

exports[`<Product /> renders the component 1`] = `
<DocumentFragment>
  <li
    class="root"
    data-testid="cart-item"
  >
    <img
      alt="nodejs"
      class="image"
      placeholder="data:image/png;base64,iVBORw0KGgoAAAANSUhEUgAAAAQAAAAFCAQAAADIpIVQAAAADklEQVR42mNkgAJGIhgAALQABsHyMOcAAAAASUVORK5CYII="
      src="/media/catalog/product/some/url?auto=webp&format=pjpg&width=80&height=100"
    />
    <div
      class="name"
    >
      nodejs
    </div>
    <div
      class="quantity"
    >
      <div
        class="quantityRow"
      >
        <span>
          2
        </span>
        <span
          class="quantityOperator"
        >
          Ã—
        </span>
        <span
          class="price"
        >
          <span>
            $
          </span>
          <span>
            22
          </span>
          <span>
            .
          </span>
          <span>
            00
          </span>
        </span>
      </div>
    </div>
    <div
      class="root"
    >
      <button
        class="kebab"
      >
        <span
          class="root"
        >
          <svg
            fill="none"
            height="24"
            stroke="currentColor"
            stroke-linecap="round"
            stroke-linejoin="round"
            stroke-width="2"
            viewBox="0 0 24 24"
            width="24"
            xmlns="http://www.w3.org/2000/svg"
          >
            <circle
              cx="12"
              cy="12"
              r="1"
            />
            <circle
              cx="12"
              cy="5"
              r="1"
            />
            <circle
              cx="12"
              cy="19"
              r="1"
            />
          </svg>
        </span>
      </button>
      <ul
        class="dropdown"
      >
        <li
          class="menuItem"
        >
          <button>
            <span
              class="root"
            >
              <svg
                fill="none"
                height="14px"
                stroke="rgb(var(--venia-teal))"
                stroke-linecap="round"
                stroke-linejoin="round"
                stroke-width="2"
                viewBox="0 0 24 24"
                width="14px"
                xmlns="http://www.w3.org/2000/svg"
              >
                <path
                  d="M17 3a2.828 2.828 0 1 1 4 4L7.5 20.5 2 22l1.5-5.5L17 3z"
                />
              </svg>
            </span>
            <span
              class="text"
            >
              Edit item
            </span>
          </button>
        </li>
        <li
          class="menuItem"
        >
          <button>
            <span
              class="root"
            >
              <svg
                fill="none"
                height="14px"
                stroke="rgb(var(--venia-teal))"
                stroke-linecap="round"
                stroke-linejoin="round"
                stroke-width="2"
                viewBox="0 0 24 24"
                width="14px"
                xmlns="http://www.w3.org/2000/svg"
              >
                <polyline
                  points="3 6 5 6 21 6"
                />
                <path
                  d="M19 6v14a2 2 0 0 1-2 2H7a2 2 0 0 1-2-2V6m3 0V4a2 2 0 0 1 2-2h4a2 2 0 0 1 2 2v2"
                />
              </svg>
            </span>
            <span
              class="text"
            >
              Remove item
            </span>
          </button>
        </li>
      </ul>
    </div>
  </li>
</DocumentFragment>
`;
