// Jest Snapshot v1, https://goo.gl/fbAQLP

exports[`<CreateAccount> renders the component 1`] = `
<DocumentFragment>
  <form>
    <p>
      Check out faster, use multiple addresses, track orders and more by creating an account!
    </p>
    <div
      class="root"
    >
      <span
        class="label"
      >
        <span
          class="requiredSymbol"
        />
        First Name
      </span>
      <span
        class="root"
      >
        <span
          class="input"
        >
          <input
            aria-label="firstname"
            autocomplete="given-name"
            class="input"
            name="customer.firstname"
            value=""
          />
        </span>
        <span
          class="before"
        />
        <span
          class="after"
        />
      </span>
      <p
        class="root"
      />
    </div>
    <div
      class="root"
    >
      <span
        class="label"
      >
        <span
          class="requiredSymbol"
        />
        Last Name
      </span>
      <span
        class="root"
      >
        <span
          class="input"
        >
          <input
            aria-label="lastname"
            autocomplete="family-name"
            class="input"
            name="customer.lastname"
            value=""
          />
        </span>
        <span
          class="before"
        />
        <span
          class="after"
        />
      </span>
      <p
        class="root"
      />
    </div>
    <div
      class="root"
    >
      <span
        class="label"
      >
        <span
          class="requiredSymbol"
        />
        Email
      </span>
      <span
        class="root"
      >
        <span
          class="input"
        >
          <input
            aria-label="email"
            autocomplete="email"
            class="input"
            name="customer.email"
            value=""
          />
        </span>
        <span
          class="before"
        />
        <span
          class="after"
        />
      </span>
      <p
        class="root"
      />
    </div>
    <div
      class="root"
    >
      <span
        class="label"
      >
        <span
          class="requiredSymbol"
        />
        Password
      </span>
      <span
        class="root"
      >
        <span
          class="input"
        >
          <input
            aria-label="password"
            autocomplete="new-password"
            class="input"
            name="password"
            type="password"
            value=""
          />
        </span>
        <span
          class="before"
        />
        <span
          class="after"
        />
      </span>
      <p
        class="root"
      />
    </div>
    <div
      class="root"
    >
      <span
        class="label"
      >
        <span
          class="requiredSymbol"
        />
        Confirm Password
      </span>
      <span
        class="root"
      >
        <span
          class="input"
        >
          <input
            aria-label="confirm"
            class="input"
            name="confirm"
            type="password"
            value=""
          />
        </span>
        <span
          class="before"
        />
        <span
          class="after"
        />
      </span>
      <p
        class="root"
      />
    </div>
    <div>
      <label
        class="root"
      >
        <span
          class="icon"
        />
        <input
          aria-label="subscribe"
          class="input"
          name="subscribe"
          type="checkbox"
        />
        <span
          class="label"
        >
          Subscribe to news and updates
        </span>
      </label>
      <p
        class="root"
      />
    </div>
    <div />
    <div>
      <button
        aria-label="submit"
        class="root_highPriority"
        type="submit"
      >
        <span
          class="content"
        >
          Submit
        </span>
      </button>
    </div>
  </form>
</DocumentFragment>
`;
