// Jest Snapshot v1, https://goo.gl/fbAQLP

exports[`<AddressForm /> renders the component 1`] = `
<DocumentFragment>
  <form
    class="root"
  >
    <div
      class="body"
    >
      <h2
        class="heading"
      >
        Address
      </h2>
      <div
        class="firstname"
      >
        <div
          class="root"
        >
          <span
            class="label"
          >
            First Name
          </span>
          <span
            class="root"
          >
            <span
              class="input"
            >
              <input
                class="input"
                id="firstname"
                name="firstname"
                value=""
              />
            </span>
            <span
              class="before"
            />
            <span
              class="after"
            />
          </span>
          <p
            class="root"
          />
        </div>
      </div>
      <div
        class="lastname"
      >
        <div
          class="root"
        >
          <span
            class="label"
          >
            Last Name
          </span>
          <span
            class="root"
          >
            <span
              class="input"
            >
              <input
                class="input"
                id="lastname"
                name="lastname"
                value=""
              />
            </span>
            <span
              class="before"
            />
            <span
              class="after"
            />
          </span>
          <p
            class="root"
          />
        </div>
      </div>
      <div
        class="street0"
      >
        <div
          class="root"
        >
          <span
            class="label"
          >
            Street
          </span>
          <span
            class="root"
          >
            <span
              class="input"
            >
              <input
                class="input"
                id="street0"
                name="street0"
                value=""
              />
            </span>
            <span
              class="before"
            />
            <span
              class="after"
            />
          </span>
          <p
            class="root"
          />
        </div>
      </div>
      <div
        class="city"
      >
        <div
          class="root"
        >
          <span
            class="label"
          >
            City
          </span>
          <span
            class="root"
          >
            <span
              class="input"
            >
              <input
                class="input"
                id="city"
                name="city"
                value=""
              />
            </span>
            <span
              class="before"
            />
            <span
              class="after"
            />
          </span>
          <p
            class="root"
          />
        </div>
      </div>
      <div
        class="region_code"
      >
        <div
          class="root"
        >
          <span
            class="label"
          >
            State
          </span>
          <span
            class="root"
          >
            <span
              class="input"
            >
              <input
                class="input"
                id="region_code"
                name="region_code"
                value=""
              />
            </span>
            <span
              class="before"
            />
            <span
              class="after"
            />
          </span>
          <p
            class="root"
          />
        </div>
      </div>
      <div
        class="postcode"
      >
        <div
          class="root"
        >
          <span
            class="label"
          >
            ZIP
          </span>
          <span
            class="root"
          >
            <span
              class="input"
            >
              <input
                class="input"
                id="postcode"
                name="postcode"
                value=""
              />
            </span>
            <span
              class="before"
            />
            <span
              class="after"
            />
          </span>
          <p
            class="root"
          />
        </div>
      </div>
      <div
        class="telephone"
      >
        <div
          class="root"
        >
          <span
            class="label"
          >
            Phone
          </span>
          <span
            class="root"
          >
            <span
              class="input"
            >
              <input
                class="input"
                id="telephone"
                name="telephone"
                value=""
              />
            </span>
            <span
              class="before"
            />
            <span
              class="after"
            />
          </span>
          <p
            class="root"
          />
        </div>
      </div>
      <div
        class="validation"
      />
      <div
        class="error"
      />
    </div>
    <div
      class="footer"
    >
      <button
        class="root_normalPriority"
        type="button"
      >
        <span
          class="content"
        >
          Cancel
        </span>
      </button>
      <button
        class="root_highPriority"
        type="submit"
      >
        <span
          class="content"
        >
          Save
        </span>
      </button>
    </div>
  </form>
</DocumentFragment>
`;

exports[`<AddressForm /> renders the component with address validation message and form error message 1`] = `
<DocumentFragment>
  <form
    class="root"
  >
    <div
      class="body"
    >
      <h2
        class="heading"
      >
        Address
      </h2>
      <div
        class="firstname"
      >
        <div
          class="root"
        >
          <span
            class="label"
          >
            First Name
          </span>
          <span
            class="root"
          >
            <span
              class="input"
            >
              <input
                class="input"
                id="firstname"
                name="firstname"
                value=""
              />
            </span>
            <span
              class="before"
            />
            <span
              class="after"
            />
          </span>
          <p
            class="root"
          />
        </div>
      </div>
      <div
        class="lastname"
      >
        <div
          class="root"
        >
          <span
            class="label"
          >
            Last Name
          </span>
          <span
            class="root"
          >
            <span
              class="input"
            >
              <input
                class="input"
                id="lastname"
                name="lastname"
                value=""
              />
            </span>
            <span
              class="before"
            />
            <span
              class="after"
            />
          </span>
          <p
            class="root"
          />
        </div>
      </div>
      <div
        class="street0"
      >
        <div
          class="root"
        >
          <span
            class="label"
          >
            Street
          </span>
          <span
            class="root"
          >
            <span
              class="input"
            >
              <input
                class="input"
                id="street0"
                name="street0"
                value=""
              />
            </span>
            <span
              class="before"
            />
            <span
              class="after"
            />
          </span>
          <p
            class="root"
          />
        </div>
      </div>
      <div
        class="city"
      >
        <div
          class="root"
        >
          <span
            class="label"
          >
            City
          </span>
          <span
            class="root"
          >
            <span
              class="input"
            >
              <input
                class="input"
                id="city"
                name="city"
                value=""
              />
            </span>
            <span
              class="before"
            />
            <span
              class="after"
            />
          </span>
          <p
            class="root"
          />
        </div>
      </div>
      <div
        class="region_code"
      >
        <div
          class="root"
        >
          <span
            class="label"
          >
            State
          </span>
          <span
            class="root"
          >
            <span
              class="input"
            >
              <input
                class="input"
                id="region_code"
                name="region_code"
                value=""
              />
            </span>
            <span
              class="before"
            />
            <span
              class="after"
            />
          </span>
          <p
            class="root"
          />
        </div>
      </div>
      <div
        class="postcode"
      >
        <div
          class="root"
        >
          <span
            class="label"
          >
            ZIP
          </span>
          <span
            class="root"
          >
            <span
              class="input"
            >
              <input
                class="input"
                id="postcode"
                name="postcode"
                value=""
              />
            </span>
            <span
              class="before"
            />
            <span
              class="after"
            />
          </span>
          <p
            class="root"
          />
        </div>
      </div>
      <div
        class="telephone"
      >
        <div
          class="root"
        >
          <span
            class="label"
          >
            Phone
          </span>
          <span
            class="root"
          >
            <span
              class="input"
            >
              <input
                class="input"
                id="telephone"
                name="telephone"
                value=""
              />
            </span>
            <span
              class="before"
            />
            <span
              class="after"
            />
          </span>
          <p
            class="root"
          />
        </div>
      </div>
      <div
        class="validation"
      />
      <div
        class="error"
      >
        form error message
      </div>
    </div>
    <div
      class="footer"
    >
      <button
        class="root_normalPriority"
        type="button"
      >
        <span
          class="content"
        >
          Cancel
        </span>
      </button>
      <button
        class="root_highPriority"
        type="submit"
      >
        <span
          class="content"
        >
          Save
        </span>
      </button>
    </div>
  </form>
</DocumentFragment>
`;
