// Jest Snapshot v1, https://goo.gl/fbAQLP

exports[`<AccountDetails> renders the Account Details form 1`] = `[Function]`;
