// Jest Snapshot v1, https://goo.gl/fbAQLP

exports[`ForgotPassword renders the "forgot password" form  1`] = `
<DocumentFragment>
  <div
    class="root"
  >
    <p
      class="instructions"
    >
      Enter your email below to receive a password reset link.
    </p>
    <form>
      <div
        class="root"
      >
        <span
          class="label"
        >
          <span
            class="requiredSymbol"
          />
          Email address
        </span>
        <span
          class="root"
        >
          <span
            class="input"
          >
            <input
              aria-label="email"
              autocomplete="email"
              class="input"
              name="email"
              value=""
            />
          </span>
          <span
            class="before"
          />
          <span
            class="after"
          />
        </span>
        <p
          class="root"
        />
      </div>
      <div>
        <button
          aria-label="submit"
          class="root_highPriority"
          type="submit"
        >
          <span
            class="content"
          >
            Submit
          </span>
        </button>
      </div>
    </form>
  </div>
</DocumentFragment>
`;
