// Jest Snapshot v1, https://goo.gl/fbAQLP

exports[`<SignIn> renders the component 1`] = `
<DocumentFragment>
  <div
    class="root"
  >
    <form
      class="form"
    >
      <div
        class="root"
      >
        <span
          class="label"
        >
          <span
            class="requiredSymbol"
          />
          Email
        </span>
        <span
          class="root"
        >
          <span
            class="input"
          >
            <input
              aria-label="email"
              autocomplete="email"
              class="input"
              name="email"
              value=""
            />
          </span>
          <span
            class="before"
          />
          <span
            class="after"
          />
        </span>
        <p
          class="root"
        />
      </div>
      <div
        class="root"
      >
        <span
          class="label"
        >
          <span
            class="requiredSymbol"
          />
          Password
        </span>
        <span
          class="root"
        >
          <span
            class="input"
          >
            <input
              aria-label="password"
              autocomplete="current-password"
              class="input"
              name="password"
              type="password"
              value=""
            />
          </span>
          <span
            class="before"
          />
          <span
            class="after"
          />
        </span>
        <p
          class="root"
        />
      </div>
      <div
        class="signInError"
      />
      <div
        class="signInButton"
      >
        <button
          class="root_highPriority"
          type="submit"
        >
          <span
            class="content"
          >
            Sign In
          </span>
        </button>
      </div>
    </form>
  </div>
</DocumentFragment>
`;
