// Jest Snapshot v1, https://goo.gl/fbAQLP

exports[`<CartTrigger> renders the icon 1`] = `
<DocumentFragment>
  <button
    aria-label="Toggle mini cart"
    class="root"
  >
    <span
      class="root"
    >
      <svg
        fill="rgb(var(--venia-text))"
        height="24"
        stroke="rgb(var(--venia-text))"
        stroke-linecap="round"
        stroke-linejoin="round"
        stroke-width="2"
        viewBox="0 0 24 24"
        width="24"
        xmlns="http://www.w3.org/2000/svg"
      >
        <circle
          cx="9"
          cy="21"
          r="1"
        />
        <circle
          cx="20"
          cy="21"
          r="1"
        />
        <path
          d="M1 1h4l2.68 13.39a2 2 0 0 0 2 1.61h9.72a2 2 0 0 0 2-1.61L23 6H6"
        />
      </svg>
    </span>
    <span
      class="root"
      data-testid="cart-counter"
    >
      2
    </span>
  </button>
</DocumentFragment>
`;
