// Jest Snapshot v1, https://goo.gl/fbAQLP

exports[`<AccountContainer> renders the component 1`] = `
<DocumentFragment>
  <button
    aria-label="Toggle account dropdown"
    class="root"
  >
    <span
      class="root"
    >
      <svg
        fill="none"
        height="24"
        stroke="rgb(var(--venia-text))"
        stroke-linecap="round"
        stroke-linejoin="round"
        stroke-width="2"
        viewBox="0 0 24 24"
        width="24"
        xmlns="http://www.w3.org/2000/svg"
      >
        <path
          d="M20 21v-2a4 4 0 0 0-4-4H8a4 4 0 0 0-4 4v2"
        />
        <circle
          cx="12"
          cy="7"
          r="4"
        />
      </svg>
    </span>
    <span
      class="label"
    >
      Sign In
    </span>
  </button>
  <button
    data-role="mask"
  />
  <div
    aria-label="account dropdown"
    class="root"
  >
    <div
      class="root"
    >
      <form
        class="form"
      >
        <div
          class="formTitle"
        >
          Sign-in to Your Account
        </div>
        <div
          class="root"
        >
          <span
            class="label"
          >
            <span
              class="requiredSymbol"
            />
            Email address
          </span>
          <span
            class="root"
          >
            <span
              class="input"
            >
              <input
                aria-label="email"
                autocomplete="email"
                class="input"
                name="email"
                value=""
              />
            </span>
            <span
              class="before"
            />
            <span
              class="after"
            />
          </span>
          <p
            class="root"
          />
        </div>
        <div
          class="root"
        >
          <span
            class="label"
          >
            <span
              class="requiredSymbol"
            />
            Password
          </span>
          <span
            class="root"
          >
            <span
              class="input"
            >
              <input
                aria-label="password"
                autocomplete="current-password"
                class="input"
                name="password"
                type="password"
                value=""
              />
            </span>
            <span
              class="before"
            />
            <span
              class="after"
            />
          </span>
          <p
            class="root"
          />
        </div>
        <div
          class="forgotPasswordButton"
        >
          <button
            class="root_lowPriority"
            type="button"
          >
            <span
              class="content"
            >
              Forgot Password?
            </span>
          </button>
        </div>
        <div
          class="signInError"
        />
        <div
          class="signInButton"
        >
          <button
            aria-label="submit"
            class="root_highPriority"
            type="submit"
          >
            <span
              class="content"
            >
              Sign In
            </span>
          </button>
        </div>
        <div
          class="createAccountButton"
        >
          <button
            class="root_normalPriority"
            type="button"
          >
            <span
              class="content"
            >
              Create an Account
            </span>
          </button>
        </div>
      </form>
    </div>
  </div>
</DocumentFragment>
`;
