// Jest Snapshot v1, https://goo.gl/fbAQLP

exports[`<EditableForm /> does not render the shipping address form if countries could not be loaded 1`] = `<DocumentFragment />`;
